00000005
00000000
3B663FA6
80D3912D
3B66244D
28C30F3F