00000013
ffffff07
ffffff11
ffffff1e
ffffff4e
ffffff65
ffffff7b
ffffffc0
ffffffc9
fffffffc
00000005
00000060
0000006b
0000006e
0000007c
000000dd
0000000e
00000003
ffffff7e
00000000